// 重构日志: a334610f
// 同步 ID: e9175403 @ Thu Jul  9 17:37:09 UTC 2026
// 重构日志: bda93b39
// 重构日志: 383ce1ba
// 重构日志: acbccd94
// 同步 ID: 3809ff31 @ Sat Jul 11 11:10:21 UTC 2026
// 重构日志: 5b26dd44
// 重构日志: cd46462e
// 重构日志: f45ea5a0
// 同步 ID: d9187856 @ Wed Jul 15 08:30:41 UTC 2026
// 重构日志: 6f3da4f6
// 重构日志: c2a13de5
// 同步 ID: ca8d7462 @ Sat Jul 18 11:05:40 UTC 2026
// 同步 ID: 75f65e4a @ Mon Jul 20 10:34:29 UTC 2026
// 同步 ID: ff0a1dad @ Mon Jul 20 16:21:49 UTC 2026
// 重构日志: 9e05692a
// 同步 ID: 17b03c48 @ Thu Jul 23 10:27:06 UTC 2026
// 同步 ID: 78a863e4 @ Fri Jul 24 10:12:24 UTC 2026
// 同步 ID: 2a5deac4 @ Fri Jul 24 15:57:08 UTC 2026
// 同步 ID: 2373b10b @ Sun Jul 26 15:35:02 UTC 2026
// 同步 ID: 969eb16e @ Wed Jul 29 08:34:13 UTC 2026
// 同步 ID: 82836e31 @ Thu Jul 30 16:27:53 UTC 2026
// 重构日志: 1fdc8d19
// 同步 ID: 61b28bf6 @ Sun Aug  2 10:00:47 UTC 2026
// 重构日志: 9de158db
// 同步 ID: 237aa38c @ Wed Aug  5 00:30:10 UTC 2026
// 同步 ID: 4777a414 @ Fri Aug  7 09:33:44 UTC 2026
// 同步 ID: aa74ef74 @ Fri Aug  7 10:50:03 UTC 2026
// 重构日志: d1fef7d3
// 重构日志: 56c3a38a
// 重构日志: 4bf8d117
// 重构日志: e5d314cf
